2025.12.05 00:17:39 INFO  ce[][o.s.c.t.CeWorkerImpl] Execute task | project=private_cloud_ubuntu | type=REPORT | id=AZrr3xpxxp8nFBPLYvLh | submitter=admin
2025.12.05 00:17:39 INFO  ce[AZrr3xpxxp8nFBPLYvLh][o.s.c.t.s.ComputationStepExecutor] Extract report | status=SUCCESS | time=5ms
2025.12.05 00:17:39 INFO  ce[AZrr3xpxxp8nFBPLYvLh][o.s.c.t.s.ComputationStepExecutor] Persist scanner context | status=SUCCESS | time=5ms
2025.12.05 00:17:39 INFO  ce[AZrr3xpxxp8nFBPLYvLh][o.s.c.t.s.ComputationStepExecutor] Propagate analysis warnings from scanner report | status=SUCCESS | time=26ms
2025.12.05 00:17:39 INFO  ce[AZrr3xpxxp8nFBPLYvLh][o.s.c.t.s.ComputationStepExecutor] Generate analysis UUID | status=SUCCESS | time=0ms
2025.12.05 00:17:39 INFO  ce[AZrr3xpxxp8nFBPLYvLh][o.s.c.t.s.ComputationStepExecutor] Load analysis metadata | status=SUCCESS | time=51ms
2025.12.05 00:17:39 INFO  ce[AZrr3xpxxp8nFBPLYvLh][o.s.c.t.s.ComputationStepExecutor] Initialize | status=SUCCESS | time=0ms
2025.12.05 00:17:39 INFO  ce[AZrr3xpxxp8nFBPLYvLh][o.s.c.t.s.ComputationStepExecutor] Build tree of components | components=1 | status=SUCCESS | time=23ms
2025.12.05 00:17:39 INFO  ce[AZrr3xpxxp8nFBPLYvLh][o.s.c.t.s.ComputationStepExecutor] Validate project | status=SUCCESS | time=11ms
2025.12.05 00:17:39 INFO  ce[AZrr3xpxxp8nFBPLYvLh][o.s.s.e.EsClientProvider] Connected to local Elasticsearch: [http://localhost:9001]
2025.12.05 00:17:41 INFO  ce[AZrr3xpxxp8nFBPLYvLh][o.s.c.t.s.ComputationStepExecutor] Load quality profiles | status=SUCCESS | time=1619ms
2025.12.05 00:17:41 INFO  ce[AZrr3xpxxp8nFBPLYvLh][o.s.c.t.s.ComputationStepExecutor] Load file hashes and statuses | status=SUCCESS | time=11ms
2025.12.05 00:17:41 INFO  ce[AZrr3xpxxp8nFBPLYvLh][o.s.c.t.s.ComputationStepExecutor] Load Quality gate | status=SUCCESS | time=24ms
2025.12.05 00:17:41 INFO  ce[AZrr3xpxxp8nFBPLYvLh][o.s.c.t.s.ComputationStepExecutor] Load new code period | status=SUCCESS | time=12ms
2025.12.05 00:17:41 INFO  ce[AZrr3xpxxp8nFBPLYvLh][o.s.c.t.s.ComputationStepExecutor] Detect file moves | reportFiles=0 | status=SUCCESS | time=1ms
2025.12.05 00:17:41 INFO  ce[AZrr3xpxxp8nFBPLYvLh][o.s.c.t.s.ComputationStepExecutor] Detect file moves in Pull Request scope | status=SUCCESS | time=0ms
2025.12.05 00:17:41 INFO  ce[AZrr3xpxxp8nFBPLYvLh][o.s.c.t.s.ComputationStepExecutor] Load duplications | duplications=0 | status=SUCCESS | time=1ms
2025.12.05 00:17:41 INFO  ce[AZrr3xpxxp8nFBPLYvLh][o.s.c.t.s.ComputationStepExecutor] Compute cross project duplications | status=SUCCESS | time=0ms
2025.12.05 00:17:41 INFO  ce[AZrr3xpxxp8nFBPLYvLh][o.s.c.t.s.ComputationStepExecutor] Compute size measures | status=SUCCESS | time=2ms
2025.12.05 00:17:41 INFO  ce[AZrr3xpxxp8nFBPLYvLh][o.s.c.t.s.ComputationStepExecutor] Compute new coverage | status=SUCCESS | time=3ms
2025.12.05 00:17:41 INFO  ce[AZrr3xpxxp8nFBPLYvLh][o.s.c.t.s.ComputationStepExecutor] Compute coverage measures | status=SUCCESS | time=1ms
2025.12.05 00:17:41 INFO  ce[AZrr3xpxxp8nFBPLYvLh][o.s.c.t.s.ComputationStepExecutor] Compute comment measures | status=SUCCESS | time=0ms
2025.12.05 00:17:41 INFO  ce[AZrr3xpxxp8nFBPLYvLh][o.s.c.t.s.ComputationStepExecutor] Compute duplication measures | status=SUCCESS | time=1ms
2025.12.05 00:17:41 INFO  ce[AZrr3xpxxp8nFBPLYvLh][o.s.c.t.s.ComputationStepExecutor] Compute size measures on new code | status=SUCCESS | time=0ms
2025.12.05 00:17:41 INFO  ce[AZrr3xpxxp8nFBPLYvLh][o.s.c.t.s.ComputationStepExecutor] Compute language distribution | status=SUCCESS | time=9ms
2025.12.05 00:17:41 INFO  ce[AZrr3xpxxp8nFBPLYvLh][o.s.c.t.s.ComputationStepExecutor] Compute test measures | status=SUCCESS | time=0ms
2025.12.05 00:17:41 INFO  ce[AZrr3xpxxp8nFBPLYvLh][o.s.c.t.s.ComputationStepExecutor] Compute complexity measures | status=SUCCESS | time=1ms
2025.12.05 00:17:41 INFO  ce[AZrr3xpxxp8nFBPLYvLh][o.s.c.t.s.ComputationStepExecutor] Load measure computers | status=SUCCESS | time=2ms
2025.12.05 00:17:41 INFO  ce[AZrr3xpxxp8nFBPLYvLh][o.s.c.t.s.ComputationStepExecutor] Compute Quality Profile status | status=SUCCESS | time=20ms
2025.12.05 00:17:41 INFO  ce[AZrr3xpxxp8nFBPLYvLh][o.s.c.t.s.ComputationStepExecutor] Execute component visitors | status=SUCCESS | time=83ms
2025.12.05 00:17:41 INFO  ce[AZrr3xpxxp8nFBPLYvLh][o.s.c.t.s.ComputationStepExecutor] Checks executed after computation of measures | status=SUCCESS | time=1ms
2025.12.05 00:17:41 INFO  ce[AZrr3xpxxp8nFBPLYvLh][o.s.c.t.s.ComputationStepExecutor] Compute Quality Gate measures | status=SUCCESS | time=16ms
2025.12.05 00:17:41 INFO  ce[AZrr3xpxxp8nFBPLYvLh][o.s.c.t.s.ComputationStepExecutor] Compute Quality profile measures | status=SUCCESS | time=1ms
2025.12.05 00:17:41 INFO  ce[AZrr3xpxxp8nFBPLYvLh][o.s.c.t.s.ComputationStepExecutor] Generate Quality profile events | status=SUCCESS | time=2ms
2025.12.05 00:17:41 INFO  ce[AZrr3xpxxp8nFBPLYvLh][o.s.c.t.s.ComputationStepExecutor] Generate Quality gate events | status=SUCCESS | time=11ms
2025.12.05 00:17:41 INFO  ce[AZrr3xpxxp8nFBPLYvLh][o.s.c.t.s.ComputationStepExecutor] Check upgrade possibility for not analyzed code files. | status=SUCCESS | time=2ms
2025.12.05 00:17:41 INFO  ce[AZrr3xpxxp8nFBPLYvLh][o.s.c.t.s.ComputationStepExecutor] Persist scanner analysis cache | status=SUCCESS | time=1ms
2025.12.05 00:17:42 INFO  ce[AZrr3xpxxp8nFBPLYvLh][o.s.c.t.s.ComputationStepExecutor] Persist components | status=SUCCESS | time=24ms
2025.12.05 00:17:42 INFO  ce[AZrr3xpxxp8nFBPLYvLh][o.s.c.t.s.ComputationStepExecutor] Persist analysis | status=SUCCESS | time=5ms
2025.12.05 00:17:42 INFO  ce[AZrr3xpxxp8nFBPLYvLh][o.s.c.t.s.ComputationStepExecutor] Persist analysis properties | status=SUCCESS | time=12ms
2025.12.05 00:17:42 INFO  ce[AZrr3xpxxp8nFBPLYvLh][o.s.c.t.s.ComputationStepExecutor] Persist measures | inserts=33 | status=SUCCESS | time=54ms
2025.12.05 00:17:42 INFO  ce[AZrr3xpxxp8nFBPLYvLh][o.s.c.t.s.ComputationStepExecutor] Persist live measures | insertsOrUpdates=54 | status=SUCCESS | time=222ms
2025.12.05 00:17:42 INFO  ce[AZrr3xpxxp8nFBPLYvLh][o.s.c.t.s.ComputationStepExecutor] Persist JSON measures | status=SUCCESS | time=2ms
2025.12.05 00:17:42 INFO  ce[AZrr3xpxxp8nFBPLYvLh][o.s.c.t.s.ComputationStepExecutor] Persist duplication data | insertsOrUpdates=0 | status=SUCCESS | time=1ms
2025.12.05 00:17:42 INFO  ce[AZrr3xpxxp8nFBPLYvLh][o.s.c.t.s.ComputationStepExecutor] Persist new ad hoc Rules | status=SUCCESS | time=0ms
2025.12.05 00:17:42 INFO  ce[AZrr3xpxxp8nFBPLYvLh][o.s.c.t.s.ComputationStepExecutor] Persist issues | cacheSize=0 bytes | inserts=0 | updates=0 | merged=0 | status=SUCCESS | time=27ms
2025.12.05 00:17:42 INFO  ce[AZrr3xpxxp8nFBPLYvLh][o.s.c.t.s.ComputationStepExecutor] Delete issue changes | changes=0 | status=SUCCESS | time=1ms
2025.12.05 00:17:42 INFO  ce[AZrr3xpxxp8nFBPLYvLh][o.s.c.t.s.ComputationStepExecutor] Persist project links | status=SUCCESS | time=53ms
2025.12.05 00:17:42 INFO  ce[AZrr3xpxxp8nFBPLYvLh][o.s.c.t.s.ComputationStepExecutor] Persist events | status=SUCCESS | time=21ms
2025.12.05 00:17:42 INFO  ce[AZrr3xpxxp8nFBPLYvLh][o.s.c.t.s.ComputationStepExecutor] Persist sources | status=SUCCESS | time=1ms
2025.12.05 00:17:42 INFO  ce[AZrr3xpxxp8nFBPLYvLh][o.s.c.t.s.ComputationStepExecutor] Persist cross project duplications | status=SUCCESS | time=0ms
2025.12.05 00:17:42 INFO  ce[AZrr3xpxxp8nFBPLYvLh][o.s.c.t.s.ComputationStepExecutor] Enable analysis | status=SUCCESS | time=12ms
2025.12.05 00:17:42 INFO  ce[AZrr3xpxxp8nFBPLYvLh][o.s.c.t.s.ComputationStepExecutor] Update last usage date of quality profiles | status=SUCCESS | time=0ms
2025.12.05 00:17:42 INFO  ce[AZrr3xpxxp8nFBPLYvLh][o.s.c.t.s.ComputationStepExecutor] Purge db | status=SUCCESS | time=270ms
2025.12.05 00:17:43 INFO  ce[AZrr3xpxxp8nFBPLYvLh][o.s.c.t.s.ComputationStepExecutor] Index analysis | status=SUCCESS | time=260ms
2025.12.05 00:17:43 INFO  ce[AZrr3xpxxp8nFBPLYvLh][o.s.c.t.s.ComputationStepExecutor] Update need issue sync for branch | status=SUCCESS | time=2ms
2025.12.05 00:17:43 INFO  ce[AZrr3xpxxp8nFBPLYvLh][o.s.c.t.s.ComputationStepExecutor] Compute total Project ncloc | status=SUCCESS | time=11ms
2025.12.05 00:17:43 INFO  ce[AZrr3xpxxp8nFBPLYvLh][o.s.c.t.s.ComputationStepExecutor] Publishing taint vulnerabilities events | status=SUCCESS | time=3ms
2025.12.05 00:17:43 INFO  ce[AZrr3xpxxp8nFBPLYvLh][o.s.c.t.s.ComputationStepExecutor] Send issue notifications | newIssuesNotifs=0 | newIssuesDeliveries=0 | myNewIssuesNotifs=0 | myNewIssuesDeliveries=0 | changesNotifs=0 | changesDeliveries=0 | status=SUCCESS | time=2ms
2025.12.05 00:17:43 INFO  ce[AZrr3xpxxp8nFBPLYvLh][o.s.c.t.s.ComputationStepExecutor] Publish task results | status=SUCCESS | time=0ms
2025.12.05 00:17:43 INFO  ce[AZrr3xpxxp8nFBPLYvLh][o.s.c.t.s.ComputationStepExecutor] Trigger refresh of Portfolios and Applications | status=SUCCESS | time=0ms
2025.12.05 00:17:43 INFO  ce[AZrr3xpxxp8nFBPLYvLh][o.s.c.t.p.a.p.PostProjectAnalysisTasksExecutor] Webhooks | globalWebhooks=0 | projectWebhooks=0 | status=SUCCESS | time=4ms
2025.12.05 00:17:43 INFO  ce[AZrr3xpxxp8nFBPLYvLh][o.s.c.t.CeWorkerImpl] Executed task | project=private_cloud_ubuntu | type=REPORT | id=AZrr3xpxxp8nFBPLYvLh | submitter=admin | status=SUCCESS | time=4102ms
2025.12.05 02:29:31 INFO  ce[][o.s.c.t.CeWorkerImpl] Execute task | project=private_cloud_ubuntu | type=REPORT | id=AZrsV9Wdxp8nFBPLYvLi | submitter=admin
2025.12.05 02:29:31 INFO  ce[AZrsV9Wdxp8nFBPLYvLi][o.s.c.t.s.ComputationStepExecutor] Extract report | status=SUCCESS | time=2ms
2025.12.05 02:29:31 INFO  ce[AZrsV9Wdxp8nFBPLYvLi][o.s.c.t.s.ComputationStepExecutor] Persist scanner context | status=SUCCESS | time=16ms
2025.12.05 02:29:31 INFO  ce[AZrsV9Wdxp8nFBPLYvLi][o.s.c.t.s.ComputationStepExecutor] Propagate analysis warnings from scanner report | status=SUCCESS | time=2ms
2025.12.05 02:29:31 INFO  ce[AZrsV9Wdxp8nFBPLYvLi][o.s.c.t.s.ComputationStepExecutor] Generate analysis UUID | status=SUCCESS | time=0ms
2025.12.05 02:29:31 INFO  ce[AZrsV9Wdxp8nFBPLYvLi][o.s.c.t.s.ComputationStepExecutor] Load analysis metadata | status=SUCCESS | time=1ms
2025.12.05 02:29:31 INFO  ce[AZrsV9Wdxp8nFBPLYvLi][o.s.c.t.s.ComputationStepExecutor] Initialize | status=SUCCESS | time=0ms
2025.12.05 02:29:31 INFO  ce[AZrsV9Wdxp8nFBPLYvLi][o.s.c.t.s.ComputationStepExecutor] Build tree of components | components=1 | status=SUCCESS | time=3ms
2025.12.05 02:29:31 INFO  ce[AZrsV9Wdxp8nFBPLYvLi][o.s.c.t.s.ComputationStepExecutor] Validate project | status=SUCCESS | time=1ms
2025.12.05 02:29:32 INFO  ce[AZrsV9Wdxp8nFBPLYvLi][o.s.c.t.s.ComputationStepExecutor] Load quality profiles | status=SUCCESS | time=1132ms
2025.12.05 02:29:32 INFO  ce[AZrsV9Wdxp8nFBPLYvLi][o.s.c.t.s.ComputationStepExecutor] Load file hashes and statuses | status=SUCCESS | time=0ms
2025.12.05 02:29:32 INFO  ce[AZrsV9Wdxp8nFBPLYvLi][o.s.c.t.s.ComputationStepExecutor] Load Quality gate | status=SUCCESS | time=7ms
2025.12.05 02:29:32 INFO  ce[AZrsV9Wdxp8nFBPLYvLi][o.s.c.t.s.ComputationStepExecutor] Load new code period | status=SUCCESS | time=2ms
2025.12.05 02:29:32 INFO  ce[AZrsV9Wdxp8nFBPLYvLi][o.s.c.t.s.ComputationStepExecutor] Detect file moves | reportFiles=0 | status=SUCCESS | time=0ms
2025.12.05 02:29:32 INFO  ce[AZrsV9Wdxp8nFBPLYvLi][o.s.c.t.s.ComputationStepExecutor] Detect file moves in Pull Request scope | status=SUCCESS | time=0ms
2025.12.05 02:29:32 INFO  ce[AZrsV9Wdxp8nFBPLYvLi][o.s.c.t.s.ComputationStepExecutor] Load duplications | duplications=0 | status=SUCCESS | time=0ms
2025.12.05 02:29:32 INFO  ce[AZrsV9Wdxp8nFBPLYvLi][o.s.c.t.s.ComputationStepExecutor] Compute cross project duplications | status=SUCCESS | time=0ms
2025.12.05 02:29:32 INFO  ce[AZrsV9Wdxp8nFBPLYvLi][o.s.c.t.s.ComputationStepExecutor] Compute size measures | status=SUCCESS | time=1ms
2025.12.05 02:29:32 INFO  ce[AZrsV9Wdxp8nFBPLYvLi][o.s.c.t.s.ComputationStepExecutor] Compute new coverage | status=SUCCESS | time=0ms
2025.12.05 02:29:32 INFO  ce[AZrsV9Wdxp8nFBPLYvLi][o.s.c.t.s.ComputationStepExecutor] Compute coverage measures | status=SUCCESS | time=0ms
2025.12.05 02:29:32 INFO  ce[AZrsV9Wdxp8nFBPLYvLi][o.s.c.t.s.ComputationStepExecutor] Compute comment measures | status=SUCCESS | time=0ms
2025.12.05 02:29:32 INFO  ce[AZrsV9Wdxp8nFBPLYvLi][o.s.c.t.s.ComputationStepExecutor] Compute duplication measures | status=SUCCESS | time=0ms
2025.12.05 02:29:32 INFO  ce[AZrsV9Wdxp8nFBPLYvLi][o.s.c.t.s.ComputationStepExecutor] Compute size measures on new code | status=SUCCESS | time=0ms
2025.12.05 02:29:32 INFO  ce[AZrsV9Wdxp8nFBPLYvLi][o.s.c.t.s.ComputationStepExecutor] Compute language distribution | status=SUCCESS | time=0ms
2025.12.05 02:29:32 INFO  ce[AZrsV9Wdxp8nFBPLYvLi][o.s.c.t.s.ComputationStepExecutor] Compute test measures | status=SUCCESS | time=0ms
2025.12.05 02:29:32 INFO  ce[AZrsV9Wdxp8nFBPLYvLi][o.s.c.t.s.ComputationStepExecutor] Compute complexity measures | status=SUCCESS | time=0ms
2025.12.05 02:29:32 INFO  ce[AZrsV9Wdxp8nFBPLYvLi][o.s.c.t.s.ComputationStepExecutor] Load measure computers | status=SUCCESS | time=0ms
2025.12.05 02:29:32 INFO  ce[AZrsV9Wdxp8nFBPLYvLi][o.s.c.t.s.ComputationStepExecutor] Compute Quality Profile status | status=SUCCESS | time=2ms
2025.12.05 02:29:32 INFO  ce[AZrsV9Wdxp8nFBPLYvLi][o.s.c.t.s.ComputationStepExecutor] Execute component visitors | status=SUCCESS | time=3ms
2025.12.05 02:29:32 INFO  ce[AZrsV9Wdxp8nFBPLYvLi][o.s.c.t.s.ComputationStepExecutor] Checks executed after computation of measures | status=SUCCESS | time=0ms
2025.12.05 02:29:32 INFO  ce[AZrsV9Wdxp8nFBPLYvLi][o.s.c.t.s.ComputationStepExecutor] Compute Quality Gate measures | status=SUCCESS | time=1ms
2025.12.05 02:29:32 INFO  ce[AZrsV9Wdxp8nFBPLYvLi][o.s.c.t.s.ComputationStepExecutor] Compute Quality profile measures | status=SUCCESS | time=0ms
2025.12.05 02:29:32 INFO  ce[AZrsV9Wdxp8nFBPLYvLi][o.s.c.t.s.ComputationStepExecutor] Generate Quality profile events | status=SUCCESS | time=1ms
2025.12.05 02:29:32 INFO  ce[AZrsV9Wdxp8nFBPLYvLi][o.s.c.t.s.ComputationStepExecutor] Generate Quality gate events | status=SUCCESS | time=1ms
2025.12.05 02:29:32 INFO  ce[AZrsV9Wdxp8nFBPLYvLi][o.s.c.t.s.ComputationStepExecutor] Check upgrade possibility for not analyzed code files. | status=SUCCESS | time=0ms
2025.12.05 02:29:32 INFO  ce[AZrsV9Wdxp8nFBPLYvLi][o.s.c.t.s.ComputationStepExecutor] Persist scanner analysis cache | status=SUCCESS | time=0ms
2025.12.05 02:29:32 INFO  ce[AZrsV9Wdxp8nFBPLYvLi][o.s.c.t.s.ComputationStepExecutor] Persist components | status=SUCCESS | time=6ms
2025.12.05 02:29:32 INFO  ce[AZrsV9Wdxp8nFBPLYvLi][o.s.c.t.s.ComputationStepExecutor] Persist analysis | status=SUCCESS | time=2ms
2025.12.05 02:29:32 INFO  ce[AZrsV9Wdxp8nFBPLYvLi][o.s.c.t.s.ComputationStepExecutor] Persist analysis properties | status=SUCCESS | time=3ms
2025.12.05 02:29:32 INFO  ce[AZrsV9Wdxp8nFBPLYvLi][o.s.c.t.s.ComputationStepExecutor] Persist measures | inserts=33 | status=SUCCESS | time=7ms
2025.12.05 02:29:32 INFO  ce[AZrsV9Wdxp8nFBPLYvLi][o.s.c.t.s.ComputationStepExecutor] Persist live measures | insertsOrUpdates=54 | status=SUCCESS | time=20ms
2025.12.05 02:29:32 INFO  ce[AZrsV9Wdxp8nFBPLYvLi][o.s.c.t.s.ComputationStepExecutor] Persist JSON measures | status=SUCCESS | time=1ms
2025.12.05 02:29:32 INFO  ce[AZrsV9Wdxp8nFBPLYvLi][o.s.c.t.s.ComputationStepExecutor] Persist duplication data | insertsOrUpdates=0 | status=SUCCESS | time=0ms
2025.12.05 02:29:32 INFO  ce[AZrsV9Wdxp8nFBPLYvLi][o.s.c.t.s.ComputationStepExecutor] Persist new ad hoc Rules | status=SUCCESS | time=0ms
2025.12.05 02:29:32 INFO  ce[AZrsV9Wdxp8nFBPLYvLi][o.s.c.t.s.ComputationStepExecutor] Persist issues | cacheSize=0 bytes | inserts=0 | updates=0 | merged=0 | status=SUCCESS | time=1ms
2025.12.05 02:29:32 INFO  ce[AZrsV9Wdxp8nFBPLYvLi][o.s.c.t.s.ComputationStepExecutor] Delete issue changes | changes=0 | status=SUCCESS | time=0ms
2025.12.05 02:29:32 INFO  ce[AZrsV9Wdxp8nFBPLYvLi][o.s.c.t.s.ComputationStepExecutor] Persist project links | status=SUCCESS | time=1ms
2025.12.05 02:29:32 INFO  ce[AZrsV9Wdxp8nFBPLYvLi][o.s.c.t.s.ComputationStepExecutor] Persist events | status=SUCCESS | time=1ms
2025.12.05 02:29:32 INFO  ce[AZrsV9Wdxp8nFBPLYvLi][o.s.c.t.s.ComputationStepExecutor] Persist sources | status=SUCCESS | time=0ms
2025.12.05 02:29:32 INFO  ce[AZrsV9Wdxp8nFBPLYvLi][o.s.c.t.s.ComputationStepExecutor] Persist cross project duplications | status=SUCCESS | time=0ms
2025.12.05 02:29:32 INFO  ce[AZrsV9Wdxp8nFBPLYvLi][o.s.c.t.s.ComputationStepExecutor] Enable analysis | status=SUCCESS | time=1ms
2025.12.05 02:29:32 INFO  ce[AZrsV9Wdxp8nFBPLYvLi][o.s.c.t.s.ComputationStepExecutor] Update last usage date of quality profiles | status=SUCCESS | time=0ms
2025.12.05 02:29:32 INFO  ce[AZrsV9Wdxp8nFBPLYvLi][o.s.c.t.s.ComputationStepExecutor] Purge db | status=SUCCESS | time=16ms
2025.12.05 02:29:33 INFO  ce[AZrsV9Wdxp8nFBPLYvLi][o.s.c.t.s.ComputationStepExecutor] Index analysis | status=SUCCESS | time=65ms
2025.12.05 02:29:33 INFO  ce[AZrsV9Wdxp8nFBPLYvLi][o.s.c.t.s.ComputationStepExecutor] Update need issue sync for branch | status=SUCCESS | time=2ms
2025.12.05 02:29:33 INFO  ce[AZrsV9Wdxp8nFBPLYvLi][o.s.c.t.s.ComputationStepExecutor] Compute total Project ncloc | status=SUCCESS | time=1ms
2025.12.05 02:29:33 INFO  ce[AZrsV9Wdxp8nFBPLYvLi][o.s.c.t.s.ComputationStepExecutor] Publishing taint vulnerabilities events | status=SUCCESS | time=7ms
2025.12.05 02:29:33 INFO  ce[AZrsV9Wdxp8nFBPLYvLi][o.s.c.t.s.ComputationStepExecutor] Send issue notifications | newIssuesNotifs=0 | newIssuesDeliveries=0 | myNewIssuesNotifs=0 | myNewIssuesDeliveries=0 | changesNotifs=0 | changesDeliveries=0 | status=SUCCESS | time=1ms
2025.12.05 02:29:33 INFO  ce[AZrsV9Wdxp8nFBPLYvLi][o.s.c.t.s.ComputationStepExecutor] Publish task results | status=SUCCESS | time=0ms
2025.12.05 02:29:33 INFO  ce[AZrsV9Wdxp8nFBPLYvLi][o.s.c.t.s.ComputationStepExecutor] Trigger refresh of Portfolios and Applications | status=SUCCESS | time=0ms
2025.12.05 02:29:33 INFO  ce[AZrsV9Wdxp8nFBPLYvLi][o.s.c.t.p.a.p.PostProjectAnalysisTasksExecutor] Webhooks | globalWebhooks=0 | projectWebhooks=0 | status=SUCCESS | time=2ms
2025.12.05 02:29:33 INFO  ce[AZrsV9Wdxp8nFBPLYvLi][o.s.c.t.CeWorkerImpl] Executed task | project=private_cloud_ubuntu | type=REPORT | id=AZrsV9Wdxp8nFBPLYvLi | submitter=admin | status=SUCCESS | time=1451ms
2025.12.05 02:56:31 INFO  ce[][o.s.p.ProcessEntryPoint] Gracefully stopping process
2025.12.05 02:56:31 INFO  ce[][o.s.ce.app.CeServer] Compute Engine is stopping...
2025.12.05 02:56:31 INFO  ce[][o.s.c.t.CeProcessingSchedulerImpl] Gracefully stopping workers...
2025.12.05 02:56:31 INFO  ce[][c.z.h.HikariDataSource] HikariPool-1 - Shutdown initiated...
2025.12.05 02:56:31 INFO  ce[][c.z.h.HikariDataSource] HikariPool-1 - Shutdown completed.
2025.12.05 02:56:31 INFO  ce[][o.s.ce.app.CeServer] Compute Engine is stopped
2025.12.05 02:56:56 INFO  ce[][o.s.p.ProcessEntryPoint] Starting Compute Engine
2025.12.05 02:56:56 INFO  ce[][o.s.ce.app.CeServer] Compute Engine starting up...
2025.12.05 02:56:56 INFO  ce[][o.sonar.db.Database] Create JDBC data source for jdbc:h2:tcp://127.0.0.1:9092/sonar;NON_KEYWORDS=VALUE
2025.12.05 02:56:57 INFO  ce[][c.z.h.HikariDataSource] HikariPool-1 - Starting...
2025.12.05 02:56:57 INFO  ce[][c.z.h.p.HikariPool] HikariPool-1 - Added connection conn0: url=jdbc:h2:tcp://127.0.0.1:9092/sonar user=
2025.12.05 02:56:57 INFO  ce[][c.z.h.HikariDataSource] HikariPool-1 - Start completed.
2025.12.05 02:56:57 WARN  ce[][o.s.db.dialect.H2] H2 database should be used for evaluation purpose only.
2025.12.05 02:56:57 INFO  ce[][o.s.s.p.ServerFileSystemImpl] SonarQube home: /opt/sonarqube
2025.12.05 02:56:57 INFO  ce[][o.s.c.c.CePluginRepository] Load plugins
2025.12.05 02:56:58 INFO  ce[][o.s.c.c.ComputeEngineContainerImpl] Running Community edition
2025.12.05 02:56:58 INFO  ce[][o.s.ce.app.CeServer] Compute Engine is started
2025.12.05 07:06:53 INFO  ce[][o.s.p.ProcessEntryPoint] Gracefully stopping process
2025.12.05 07:06:54 INFO  ce[][o.s.ce.app.CeServer] Compute Engine is stopping...
2025.12.05 07:06:54 INFO  ce[][o.s.c.t.CeProcessingSchedulerImpl] Gracefully stopping workers...
2025.12.05 07:06:54 INFO  ce[][c.z.h.HikariDataSource] HikariPool-1 - Shutdown initiated...
2025.12.05 07:06:54 INFO  ce[][c.z.h.HikariDataSource] HikariPool-1 - Shutdown completed.
2025.12.05 07:06:54 INFO  ce[][o.s.ce.app.CeServer] Compute Engine is stopped
2025.12.05 07:07:22 INFO  ce[][o.s.p.ProcessEntryPoint] Starting Compute Engine
2025.12.05 07:07:22 INFO  ce[][o.s.ce.app.CeServer] Compute Engine starting up...
2025.12.05 07:07:22 INFO  ce[][o.sonar.db.Database] Create JDBC data source for jdbc:h2:tcp://127.0.0.1:9092/sonar;NON_KEYWORDS=VALUE
2025.12.05 07:07:22 INFO  ce[][c.z.h.HikariDataSource] HikariPool-1 - Starting...
2025.12.05 07:07:22 INFO  ce[][c.z.h.p.HikariPool] HikariPool-1 - Added connection conn0: url=jdbc:h2:tcp://127.0.0.1:9092/sonar user=
2025.12.05 07:07:22 INFO  ce[][c.z.h.HikariDataSource] HikariPool-1 - Start completed.
2025.12.05 07:07:22 WARN  ce[][o.s.db.dialect.H2] H2 database should be used for evaluation purpose only.
2025.12.05 07:07:23 INFO  ce[][o.s.s.p.ServerFileSystemImpl] SonarQube home: /opt/sonarqube
2025.12.05 07:07:23 INFO  ce[][o.s.c.c.CePluginRepository] Load plugins
2025.12.05 07:07:24 INFO  ce[][o.s.c.c.ComputeEngineContainerImpl] Running Community edition
2025.12.05 07:07:24 INFO  ce[][o.s.ce.app.CeServer] Compute Engine is started
2025.12.05 07:21:01 INFO  ce[][o.s.p.ProcessEntryPoint] Gracefully stopping process
2025.12.05 07:21:01 INFO  ce[][o.s.ce.app.CeServer] Compute Engine is stopping...
2025.12.05 07:21:01 INFO  ce[][o.s.c.t.CeProcessingSchedulerImpl] Gracefully stopping workers...
2025.12.05 07:21:01 INFO  ce[][c.z.h.HikariDataSource] HikariPool-1 - Shutdown initiated...
2025.12.05 07:21:01 INFO  ce[][c.z.h.HikariDataSource] HikariPool-1 - Shutdown completed.
2025.12.05 07:21:01 INFO  ce[][o.s.ce.app.CeServer] Compute Engine is stopped
2025.12.05 07:21:20 INFO  ce[][o.s.p.ProcessEntryPoint] Starting Compute Engine
2025.12.05 07:21:20 INFO  ce[][o.s.ce.app.CeServer] Compute Engine starting up...
2025.12.05 07:21:20 INFO  ce[][o.sonar.db.Database] Create JDBC data source for jdbc:h2:tcp://127.0.0.1:9092/sonar;NON_KEYWORDS=VALUE
2025.12.05 07:21:20 INFO  ce[][c.z.h.HikariDataSource] HikariPool-1 - Starting...
2025.12.05 07:21:20 INFO  ce[][c.z.h.p.HikariPool] HikariPool-1 - Added connection conn0: url=jdbc:h2:tcp://127.0.0.1:9092/sonar user=
2025.12.05 07:21:20 INFO  ce[][c.z.h.HikariDataSource] HikariPool-1 - Start completed.
2025.12.05 07:21:20 WARN  ce[][o.s.db.dialect.H2] H2 database should be used for evaluation purpose only.
2025.12.05 07:21:21 INFO  ce[][o.s.s.p.ServerFileSystemImpl] SonarQube home: /opt/sonarqube
2025.12.05 07:21:21 INFO  ce[][o.s.c.c.CePluginRepository] Load plugins
2025.12.05 07:21:21 INFO  ce[][o.s.c.c.ComputeEngineContainerImpl] Running Community edition
2025.12.05 07:21:21 INFO  ce[][o.s.ce.app.CeServer] Compute Engine is started
