2025.12.09 00:31:19 WARN  es[][o.e.t.ThreadPool] timer thread slept for [15.6h/56173929ms] on absolute clock which is above the warn threshold of [5000ms]
2025.12.09 01:50:19 WARN  es[][o.e.t.ThreadPool] timer thread slept for [5.6s/5606ms] on absolute clock which is above the warn threshold of [5000ms]
2025.12.09 01:50:19 WARN  es[][o.e.t.ThreadPool] timer thread slept for [5.6s/5606154592ns] on relative clock which is above the warn threshold of [5000ms]
2025.12.09 03:22:01 WARN  es[][o.e.t.ThreadPool] timer thread slept for [1.5h/5501614ms] on absolute clock which is above the warn threshold of [5000ms]
2025.12.09 03:23:17 WARN  es[][o.e.t.ThreadPool] timer thread slept for [5.9s/5979ms] on absolute clock which is above the warn threshold of [5000ms]
2025.12.09 03:23:17 WARN  es[][o.e.t.ThreadPool] timer thread slept for [5.9s/5978938634ns] on relative clock which is above the warn threshold of [5000ms]
2025.12.09 03:52:00 WARN  es[][o.e.t.ThreadPool] timer thread slept for [28.7m/1722085ms] on absolute clock which is above the warn threshold of [5000ms]
2025.12.09 04:08:48 WARN  es[][o.e.t.ThreadPool] timer thread slept for [5.7s/5796ms] on absolute clock which is above the warn threshold of [5000ms]
2025.12.09 04:08:48 WARN  es[][o.e.t.ThreadPool] timer thread slept for [5.7s/5796072027ns] on relative clock which is above the warn threshold of [5000ms]
2025.12.09 04:38:49 WARN  es[][o.e.t.ThreadPool] timer thread slept for [30m/1801849ms] on absolute clock which is above the warn threshold of [5000ms]
2025.12.09 04:56:04 WARN  es[][o.e.t.ThreadPool] timer thread slept for [12.8m/770638ms] on absolute clock which is above the warn threshold of [5000ms]
2025.12.09 04:56:04 WARN  es[][o.e.t.ThreadPool] timer thread slept for [5.4s/5486815622ns] on relative clock which is above the warn threshold of [5000ms]
2025.12.09 05:03:16 WARN  es[][o.e.t.ThreadPool] timer thread slept for [5.7s/5740ms] on absolute clock which is above the warn threshold of [5000ms]
2025.12.09 05:03:16 WARN  es[][o.e.t.ThreadPool] timer thread slept for [5.7s/5739781232ns] on relative clock which is above the warn threshold of [5000ms]
2025.12.09 05:43:21 WARN  es[][o.e.m.f.FsHealthService] health check of [/opt/sonarqube/data/es7/nodes/0] took [5739ms] which is above the warn threshold of [5s]
2025.12.09 05:43:22 WARN  es[][o.e.t.ThreadPool] timer thread slept for [40m/2405783ms] on absolute clock which is above the warn threshold of [5000ms]
2025.12.09 06:08:29 WARN  es[][o.e.t.ThreadPool] timer thread slept for [4.3m/259240ms] on absolute clock which is above the warn threshold of [5000ms]
2025.12.09 06:08:29 WARN  es[][o.e.t.ThreadPool] timer thread slept for [5.4s/5481204358ns] on relative clock which is above the warn threshold of [5000ms]
2025.12.09 06:08:30 WARN  es[][o.e.t.ThreadPool] absolute clock went backwards by [377ms/377ms] while timer thread was sleeping
2025.12.09 06:20:41 WARN  es[][o.e.t.ThreadPool] timer thread slept for [6.8s/6859ms] on absolute clock which is above the warn threshold of [5000ms]
2025.12.09 06:20:41 WARN  es[][o.e.t.ThreadPool] timer thread slept for [6.8s/6858965453ns] on relative clock which is above the warn threshold of [5000ms]
