2025.12.05 02:56:30 INFO  app[][o.s.a.SchedulerImpl] Stopping SonarQube
2025.12.05 02:56:30 INFO  app[][o.s.a.SchedulerImpl] Sonarqube has been requested to stop
2025.12.05 02:56:30 INFO  app[][o.s.a.SchedulerImpl] Stopping [Compute Engine] process...
2025.12.05 02:56:31 INFO  app[][o.s.a.SchedulerImpl] Process[Compute Engine] is stopped
2025.12.05 02:56:31 INFO  app[][o.s.a.SchedulerImpl] Stopping [Web Server] process...
2025.12.05 02:56:31 INFO  app[][o.s.a.SchedulerImpl] Process[Web Server] is stopped
2025.12.05 02:56:31 INFO  app[][o.s.a.SchedulerImpl] Stopping [ElasticSearch] process...
2025.12.05 02:56:31 INFO  app[][o.s.a.SchedulerImpl] Process[ElasticSearch] is stopped
2025.12.05 02:56:31 WARN  app[][o.s.a.p.AbstractManagedProcess] Process exited with exit value [ElasticSearch]: 143
2025.12.05 02:56:31 INFO  app[][o.s.a.SchedulerImpl] SonarQube is stopped
2025.12.05 02:56:44 INFO  app[][o.s.a.AppFileSystem] Cleaning or creating temp directory /opt/sonarqube/temp
2025.12.05 02:56:44 INFO  app[][o.s.a.es.EsSettings] Elasticsearch listening on [HTTP: 127.0.0.1:9001, TCP: 127.0.0.1:42517]
2025.12.05 02:56:44 INFO  app[][o.s.a.ProcessLauncherImpl] Launch process[ELASTICSEARCH] from [/opt/sonarqube/elasticsearch]: /opt/sonarqube/elasticsearch/bin/elasticsearch
2025.12.05 02:56:44 INFO  app[][o.s.a.SchedulerImpl] Waiting for Elasticsearch to be up and running
2025.12.05 02:56:50 INFO  app[][o.s.a.SchedulerImpl] Process[es] is up
2025.12.05 02:56:50 INFO  app[][o.s.a.ProcessLauncherImpl] Launch process[WEB_SERVER] from [/opt/sonarqube]: /opt/java/openjdk/bin/java -Djava.awt.headless=true -Dfile.encoding=UTF-8 -Djava.io.tmpdir=/opt/sonarqube/temp -XX:-OmitStackTraceInFastThrow --add-opens=java.base/java.util=ALL-UNNAMED --add-opens=java.base/java.lang=ALL-UNNAMED --add-opens=java.base/java.io=ALL-UNNAMED --add-opens=java.rmi/sun.rmi.transport=ALL-UNNAMED --add-exports=java.base/jdk.internal.ref=ALL-UNNAMED --add-opens=java.base/java.nio=ALL-UNNAMED --add-opens=java.base/sun.nio.ch=ALL-UNNAMED --add-opens=java.management/sun.management=ALL-UNNAMED --add-opens=jdk.management/com.sun.management.internal=ALL-UNNAMED -Dcom.redhat.fips=false -Xmx512m -Xms128m -XX:+HeapDumpOnOutOfMemoryError -Dhttp.nonProxyHosts=localhost|127.*|[::1] -cp ./lib/sonar-application-9.9.8.100196.jar:/opt/sonarqube/lib/jdbc/h2/h2-2.1.214.jar org.sonar.server.app.WebServer /opt/sonarqube/temp/sq-process396568042333650228properties
2025.12.05 02:56:56 INFO  app[][o.s.a.SchedulerImpl] Process[web] is up
2025.12.05 02:56:56 INFO  app[][o.s.a.ProcessLauncherImpl] Launch process[COMPUTE_ENGINE] from [/opt/sonarqube]: /opt/java/openjdk/bin/java -Djava.awt.headless=true -Dfile.encoding=UTF-8 -Djava.io.tmpdir=/opt/sonarqube/temp -XX:-OmitStackTraceInFastThrow --add-opens=java.base/java.util=ALL-UNNAMED --add-exports=java.base/jdk.internal.ref=ALL-UNNAMED --add-opens=java.base/java.lang=ALL-UNNAMED --add-opens=java.base/java.nio=ALL-UNNAMED --add-opens=java.base/sun.nio.ch=ALL-UNNAMED --add-opens=java.management/sun.management=ALL-UNNAMED --add-opens=jdk.management/com.sun.management.internal=ALL-UNNAMED -Dcom.redhat.fips=false -Xmx512m -Xms128m -XX:+HeapDumpOnOutOfMemoryError -Dhttp.nonProxyHosts=localhost|127.*|[::1] -cp ./lib/sonar-application-9.9.8.100196.jar:/opt/sonarqube/lib/jdbc/h2/h2-2.1.214.jar org.sonar.ce.app.CeServer /opt/sonarqube/temp/sq-process10653403041686331922properties
2025.12.05 02:56:58 INFO  app[][o.s.a.SchedulerImpl] Process[ce] is up
2025.12.05 02:56:58 INFO  app[][o.s.a.SchedulerImpl] SonarQube is operational
2025.12.05 07:06:53 INFO  app[][o.s.a.SchedulerImpl] Stopping SonarQube
2025.12.05 07:06:53 INFO  app[][o.s.a.SchedulerImpl] Sonarqube has been requested to stop
2025.12.05 07:06:53 INFO  app[][o.s.a.SchedulerImpl] Stopping [Compute Engine] process...
2025.12.05 07:06:54 INFO  app[][o.s.a.SchedulerImpl] Process[Compute Engine] is stopped
2025.12.05 07:06:54 INFO  app[][o.s.a.SchedulerImpl] Stopping [Web Server] process...
2025.12.05 07:06:54 INFO  app[][o.s.a.SchedulerImpl] Process[Web Server] is stopped
2025.12.05 07:06:54 INFO  app[][o.s.a.SchedulerImpl] Stopping [ElasticSearch] process...
2025.12.05 07:06:54 INFO  app[][o.s.a.SchedulerImpl] Process[ElasticSearch] is stopped
2025.12.05 07:06:54 INFO  app[][o.s.a.SchedulerImpl] SonarQube is stopped
2025.12.05 07:06:54 WARN  app[][o.s.a.p.AbstractManagedProcess] Process exited with exit value [ElasticSearch]: 143
2025.12.05 07:07:08 INFO  app[][o.s.a.AppFileSystem] Cleaning or creating temp directory /opt/sonarqube/temp
2025.12.05 07:07:08 INFO  app[][o.s.a.es.EsSettings] Elasticsearch listening on [HTTP: 127.0.0.1:9001, TCP: 127.0.0.1:36785]
2025.12.05 07:07:08 INFO  app[][o.s.a.ProcessLauncherImpl] Launch process[ELASTICSEARCH] from [/opt/sonarqube/elasticsearch]: /opt/sonarqube/elasticsearch/bin/elasticsearch
2025.12.05 07:07:08 INFO  app[][o.s.a.SchedulerImpl] Waiting for Elasticsearch to be up and running
2025.12.05 07:07:16 INFO  app[][o.s.a.SchedulerImpl] Process[es] is up
2025.12.05 07:07:16 INFO  app[][o.s.a.ProcessLauncherImpl] Launch process[WEB_SERVER] from [/opt/sonarqube]: /opt/java/openjdk/bin/java -Djava.awt.headless=true -Dfile.encoding=UTF-8 -Djava.io.tmpdir=/opt/sonarqube/temp -XX:-OmitStackTraceInFastThrow --add-opens=java.base/java.util=ALL-UNNAMED --add-opens=java.base/java.lang=ALL-UNNAMED --add-opens=java.base/java.io=ALL-UNNAMED --add-opens=java.rmi/sun.rmi.transport=ALL-UNNAMED --add-exports=java.base/jdk.internal.ref=ALL-UNNAMED --add-opens=java.base/java.nio=ALL-UNNAMED --add-opens=java.base/sun.nio.ch=ALL-UNNAMED --add-opens=java.management/sun.management=ALL-UNNAMED --add-opens=jdk.management/com.sun.management.internal=ALL-UNNAMED -Dcom.redhat.fips=false -Xmx512m -Xms128m -XX:+HeapDumpOnOutOfMemoryError -Dhttp.nonProxyHosts=localhost|127.*|[::1] -cp ./lib/sonar-application-9.9.8.100196.jar:/opt/sonarqube/lib/jdbc/h2/h2-2.1.214.jar org.sonar.server.app.WebServer /opt/sonarqube/temp/sq-process2311322002749325461properties
2025.12.05 07:07:21 INFO  app[][o.s.a.SchedulerImpl] Process[web] is up
2025.12.05 07:07:21 INFO  app[][o.s.a.ProcessLauncherImpl] Launch process[COMPUTE_ENGINE] from [/opt/sonarqube]: /opt/java/openjdk/bin/java -Djava.awt.headless=true -Dfile.encoding=UTF-8 -Djava.io.tmpdir=/opt/sonarqube/temp -XX:-OmitStackTraceInFastThrow --add-opens=java.base/java.util=ALL-UNNAMED --add-exports=java.base/jdk.internal.ref=ALL-UNNAMED --add-opens=java.base/java.lang=ALL-UNNAMED --add-opens=java.base/java.nio=ALL-UNNAMED --add-opens=java.base/sun.nio.ch=ALL-UNNAMED --add-opens=java.management/sun.management=ALL-UNNAMED --add-opens=jdk.management/com.sun.management.internal=ALL-UNNAMED -Dcom.redhat.fips=false -Xmx512m -Xms128m -XX:+HeapDumpOnOutOfMemoryError -Dhttp.nonProxyHosts=localhost|127.*|[::1] -cp ./lib/sonar-application-9.9.8.100196.jar:/opt/sonarqube/lib/jdbc/h2/h2-2.1.214.jar org.sonar.ce.app.CeServer /opt/sonarqube/temp/sq-process9568543665692303556properties
2025.12.05 07:07:24 INFO  app[][o.s.a.SchedulerImpl] Process[ce] is up
2025.12.05 07:07:24 INFO  app[][o.s.a.SchedulerImpl] SonarQube is operational
2025.12.05 07:21:01 INFO  app[][o.s.a.SchedulerImpl] Stopping SonarQube
2025.12.05 07:21:01 INFO  app[][o.s.a.SchedulerImpl] Sonarqube has been requested to stop
2025.12.05 07:21:01 INFO  app[][o.s.a.SchedulerImpl] Stopping [Compute Engine] process...
2025.12.05 07:21:01 INFO  app[][o.s.a.SchedulerImpl] Process[Compute Engine] is stopped
2025.12.05 07:21:01 INFO  app[][o.s.a.SchedulerImpl] Stopping [Web Server] process...
2025.12.05 07:21:01 INFO  app[][o.s.a.SchedulerImpl] Process[Web Server] is stopped
2025.12.05 07:21:01 INFO  app[][o.s.a.SchedulerImpl] Stopping [ElasticSearch] process...
2025.12.05 07:21:01 WARN  app[][o.s.a.p.AbstractManagedProcess] Process exited with exit value [ElasticSearch]: 143
2025.12.05 07:21:01 INFO  app[][o.s.a.SchedulerImpl] Process[ElasticSearch] is stopped
2025.12.05 07:21:01 INFO  app[][o.s.a.SchedulerImpl] SonarQube is stopped
2025.12.05 07:21:09 INFO  app[][o.s.a.AppFileSystem] Cleaning or creating temp directory /opt/sonarqube/temp
2025.12.05 07:21:09 INFO  app[][o.s.a.es.EsSettings] Elasticsearch listening on [HTTP: 127.0.0.1:9001, TCP: 127.0.0.1:34229]
2025.12.05 07:21:09 INFO  app[][o.s.a.ProcessLauncherImpl] Launch process[ELASTICSEARCH] from [/opt/sonarqube/elasticsearch]: /opt/sonarqube/elasticsearch/bin/elasticsearch
2025.12.05 07:21:09 INFO  app[][o.s.a.SchedulerImpl] Waiting for Elasticsearch to be up and running
2025.12.05 07:21:15 INFO  app[][o.s.a.SchedulerImpl] Process[es] is up
2025.12.05 07:21:15 INFO  app[][o.s.a.ProcessLauncherImpl] Launch process[WEB_SERVER] from [/opt/sonarqube]: /opt/java/openjdk/bin/java -Djava.awt.headless=true -Dfile.encoding=UTF-8 -Djava.io.tmpdir=/opt/sonarqube/temp -XX:-OmitStackTraceInFastThrow --add-opens=java.base/java.util=ALL-UNNAMED --add-opens=java.base/java.lang=ALL-UNNAMED --add-opens=java.base/java.io=ALL-UNNAMED --add-opens=java.rmi/sun.rmi.transport=ALL-UNNAMED --add-exports=java.base/jdk.internal.ref=ALL-UNNAMED --add-opens=java.base/java.nio=ALL-UNNAMED --add-opens=java.base/sun.nio.ch=ALL-UNNAMED --add-opens=java.management/sun.management=ALL-UNNAMED --add-opens=jdk.management/com.sun.management.internal=ALL-UNNAMED -Dcom.redhat.fips=false -Xmx512m -Xms128m -XX:+HeapDumpOnOutOfMemoryError -Dhttp.nonProxyHosts=localhost|127.*|[::1] -cp ./lib/sonar-application-9.9.8.100196.jar:/opt/sonarqube/lib/jdbc/h2/h2-2.1.214.jar org.sonar.server.app.WebServer /opt/sonarqube/temp/sq-process13487421234148199917properties
2025.12.05 07:21:20 INFO  app[][o.s.a.SchedulerImpl] Process[web] is up
2025.12.05 07:21:20 INFO  app[][o.s.a.ProcessLauncherImpl] Launch process[COMPUTE_ENGINE] from [/opt/sonarqube]: /opt/java/openjdk/bin/java -Djava.awt.headless=true -Dfile.encoding=UTF-8 -Djava.io.tmpdir=/opt/sonarqube/temp -XX:-OmitStackTraceInFastThrow --add-opens=java.base/java.util=ALL-UNNAMED --add-exports=java.base/jdk.internal.ref=ALL-UNNAMED --add-opens=java.base/java.lang=ALL-UNNAMED --add-opens=java.base/java.nio=ALL-UNNAMED --add-opens=java.base/sun.nio.ch=ALL-UNNAMED --add-opens=java.management/sun.management=ALL-UNNAMED --add-opens=jdk.management/com.sun.management.internal=ALL-UNNAMED -Dcom.redhat.fips=false -Xmx512m -Xms128m -XX:+HeapDumpOnOutOfMemoryError -Dhttp.nonProxyHosts=localhost|127.*|[::1] -cp ./lib/sonar-application-9.9.8.100196.jar:/opt/sonarqube/lib/jdbc/h2/h2-2.1.214.jar org.sonar.ce.app.CeServer /opt/sonarqube/temp/sq-process13396108547113408670properties
2025.12.05 07:21:22 INFO  app[][o.s.a.SchedulerImpl] Process[ce] is up
2025.12.05 07:21:22 INFO  app[][o.s.a.SchedulerImpl] SonarQube is operational
